
Warning: PHP Startup: Unable to load dynamic library 'C:\php-8.4.1-Win32-vs17-x64\ext\php_amqp.dll' (tried: C:\php-8.4.1-Win32-vs17-x64\ext\php_amqp.dll (Le module sp├®cifi├® est introuvable), C:/laragon/bin/php/php-8.4.1-Win32-vs17-x64/ext\php_C:\php-8.4.1-Win32-vs17-x64\ext\php_amqp.dll.dll (Le module sp├®cifi├® est introuvable)) in Unknown on line 0

  Ô¿»......Ô¿»..........Ô¿»Ô¿»Ô¿».Ô¿»Ô¿»...Ô¿»..Ô¿»Ô¿»..Ô¿»........Ô¿»........Ô¿»...Ô¿»....Ô¿»......Ô¿».Ô¿»Ô¿»....................

  ÔöÇÔöÇÔöÇÔöÇÔöÇÔöÇÔöÇÔöÇÔöÇÔöÇÔöÇÔöÇÔöÇÔöÇÔöÇÔöÇÔöÇÔöÇÔöÇÔöÇÔöÇÔöÇÔöÇÔöÇÔöÇÔöÇÔöÇÔöÇÔöÇÔöÇÔöÇÔöÇÔöÇÔöÇÔöÇÔöÇÔöÇÔöÇÔöÇÔöÇÔöÇÔöÇÔöÇÔöÇÔöÇÔöÇÔöÇÔöÇÔöÇÔöÇÔöÇÔöÇÔöÇÔöÇÔöÇÔöÇÔöÇÔöÇÔöÇÔöÇÔöÇÔöÇÔöÇÔöÇÔöÇÔöÇÔöÇÔöÇÔöÇÔöÇÔöÇÔöÇÔöÇÔöÇÔöÇÔöÇÔöÇÔöÇÔöÇÔöÇÔöÇÔöÇÔöÇÔöÇÔöÇÔöÇÔöÇÔöÇÔöÇÔöÇÔöÇÔöÇÔöÇÔöÇÔöÇÔöÇÔöÇÔöÇÔöÇÔöÇÔöÇÔöÇÔöÇÔöÇÔöÇÔöÇÔöÇÔöÇÔöÇÔöÇÔöÇÔöÇÔöÇÔöÇÔöÇÔöÇÔöÇÔöÇÔöÇÔöÇÔöÇÔöÇÔöÇÔöÇÔöÇÔöÇÔöÇÔöÇÔöÇÔöÇÔöÇÔöÇÔöÇÔöÇÔöÇÔöÇÔöÇÔöÇÔöÇÔöÇÔöÇÔöÇÔöÇÔöÇÔöÇÔöÇÔöÇÔöÇÔöÇÔöÇÔöÇÔöÇÔöÇÔöÇÔöÇÔöÇÔöÇÔöÇ Laravel  
    FAIL   ................................................................................................................................... 92 files, 18 style issues  
  Ô¿» app\Http\Controllers\Admin\BackOfficeController.php              class_attributes_separation, ordered_imports, no_whitespace_in_blank_line, single_blank_line_at_eof  
  Ô¿» app\Http\Controllers\Auth\AuthenticatedSessionController.php                                                       no_extra_blank_lines, no_whitespace_in_blank_line  
  Ô¿» app\Http\Controllers\Web\CartController.php                                                             no_unused_imports, ordered_imports, single_blank_line_at_eof  
  Ô¿» app\Http\Controllers\Web\ContactController.php no_trailing_comma_in_singleline, trailing_comma_in_multiline, whitespace_after_comma_in_array, no_unused_imports, noÔÇª  
  Ô¿» app\Http\Middleware\AdminSessionMiddleware.php                                                                                              single_blank_line_at_eof  
  Ô¿» app\Http\Middleware\HandleInertiaRequests.php                 trailing_comma_in_multiline, unary_operator_spaces, not_operator_with_successor_space, ordered_imports  
  Ô¿» app\Http\Requests\Auth\LoginRequest.php single_space_around_construct, array_indentation, method_chaining_indentation, unary_operator_spaces, statement_indentationÔÇª  
  Ô¿» app\Models\Customer.php                                                                                                                              ordered_imports  
  Ô¿» app\Models\Supplier.php                                                                                                                     single_blank_line_at_eof  
  Ô¿» app\Models\User.php                                                                                                                                  ordered_imports  
  Ô¿» bootstrap\app.php                                                                                                                                    ordered_imports  
  Ô¿» config\google2fa.php                                                          spaces_inside_parentheses, no_whitespace_before_comma_in_array, binary_operator_spaces  
  Ô¿» database\migrations\0001_01_01_000000_create_users_table.php                         class_definition, braces_position, ordered_imports, no_whitespace_in_blank_line  
  Ô¿» database\migrations\2025_09_26_135227_create_products_table.php                                       class_definition, braces_position, no_whitespace_in_blank_line  
  Ô¿» database\migrations\2025_10_09_213436_create_suppliers_table.php class_attributes_separation, class_definition, no_trailing_whitespace, braces_position, single_blaÔÇª  
  Ô¿» routes\auth.php                                                                                                            ordered_imports, single_blank_line_at_eof  
  Ô¿» routes\settings.php                                                                                                                                  ordered_imports  
  Ô¿» routes\web.php                                                                                                                                       ordered_imports  

